[2016-03-04 15:22:30] stdoutLogger.INFO: Starting Phiremock... [] []
[2016-03-04 15:22:30] stdoutLogger.INFO: Phiremock http server listening on 0.0.0.0:18080 [] []
